// Vitest Snapshot v1, https://vitest.dev/guide/snapshot.html

exports[`ArticleCard Component > should match snapshot 1`] = `
<div>
  <div
    class="MuiPaper-root MuiPaper-elevation MuiPaper-rounded MuiPaper-elevation0 MuiCard-root css-1vhhbhz-MuiPaper-root-MuiCard-root"
    style="--Paper-shadow: none;"
  >
    <div
      class="MuiCardHeader-root css-149tc0y-MuiCardHeader-root"
    >
      <div
        class="MuiCardHeader-content css-1jkp9bu-MuiCardHeader-content"
        style="display: flex; gap: 1rem;"
      >
        <span
          class="MuiTypography-root MuiTypography-h5 MuiCardHeader-title css-44mv46-MuiTypography-root"
          style="font-family: "Montserrat Variable", sans-serif; font-size: 1.2rem; font-weight: 700; color: rgb(56, 74, 115);"
        >
          1.05.2024
        </span>
        <span
          class="MuiTypography-root MuiTypography-body1 MuiCardHeader-subheader css-10k63l6-MuiTypography-root"
          style="font-weight: 700; color: rgb(56, 74, 115);"
        >
          Tech
        </span>
      </div>
    </div>
    <hr
      class="MuiDivider-root MuiDivider-fullWidth css-1jpc804-MuiDivider-root"
    />
    <div
      class="MuiCardContent-root css-17ahxox-MuiCardContent-root"
    >
      <article
        class="MuiTypography-root MuiTypography-body2 css-wva74u-MuiTypography-root"
      >
        <h1>
          Hello World
        </h1>
        

        <p>
          This is 
          <strong>
            markdown
          </strong>
           content.
        </p>
      </article>
    </div>
  </div>
</div>
`;
