// Vitest Snapshot v1, https://vitest.dev/guide/snapshot.html

exports[`FanZonePage component > matches the snapshot 1`] = `
.emotion-1 {
  margin: 0;
  font-family: "Tolkien",sans-serif;
  line-height: 1.5;
  font-weight: 300;
  font-size: 4.285714285714286rem;
  margin-bottom: 0.35em;
}

.emotion-2 {
  margin: 0;
  -webkit-flex-shrink: 0;
  -ms-flex-negative: 0;
  flex-shrink: 0;
  border-width: 0;
  border-style: solid;
  border-color: rgba(0, 0, 0, 0.12);
  border-bottom-width: thin;
}

.emotion-3 {
  list-style: none;
  margin: 0;
  padding: 0;
  position: relative;
  padding-top: 8px;
  padding-bottom: 8px;
}

.emotion-4 {
  display: -webkit-box;
  display: -webkit-flex;
  display: -ms-flexbox;
  display: flex;
  -webkit-box-pack: start;
  -ms-flex-pack: start;
  -webkit-justify-content: flex-start;
  justify-content: flex-start;
  -webkit-align-items: center;
  -webkit-box-align: center;
  -ms-flex-align: center;
  align-items: center;
  position: relative;
  -webkit-text-decoration: none;
  text-decoration: none;
  width: 100%;
  box-sizing: border-box;
  text-align: left;
  padding-top: 8px;
  padding-bottom: 8px;
  padding-left: 16px;
  padding-right: 16px;
}

.emotion-5 {
  margin: 0;
  font: inherit;
  line-height: inherit;
  letter-spacing: inherit;
  color: #1D263B;
  -webkit-text-decoration: underline;
  text-decoration: underline;
  text-decoration-color: var(--Link-underlineColor);
  --Link-underlineColor: rgba(29, 38, 59, 0.4);
}

.emotion-5:hover {
  text-decoration-color: inherit;
}

.emotion-6 {
  -webkit-flex: 1 1 auto;
  -ms-flex: 1 1 auto;
  flex: 1 1 auto;
  min-width: 0;
  margin-top: 4px;
  margin-bottom: 4px;
}

.MuiTypography-root:where(.emotion-6 .MuiListItemText-primary) {
  display: block;
}

.MuiTypography-root:where(.emotion-6 .MuiListItemText-secondary) {
  display: block;
}

.emotion-7 {
  margin: 0;
  font-family: "Montserrat Variable",sans-serif;
  font-weight: 400;
  font-size: 1.1428571428571428rem;
  line-height: 1.5;
}

<div>
  <div
    class="MuiBox-root emotion-0"
  >
    <h1
      class="MuiTypography-root MuiTypography-h2 MuiTypography-gutterBottom emotion-1"
    >
      FanZone
    </h1>
    <hr
      class="MuiDivider-root MuiDivider-fullWidth emotion-2"
    />
    <ul
      class="MuiList-root MuiList-padding emotion-3"
    >
      <li
        class="MuiListItem-root MuiListItem-gutters MuiListItem-padding emotion-4"
      >
        <a
          class="MuiTypography-root MuiTypography-inherit MuiLink-root MuiLink-underlineAlways emotion-5"
          data-discover="true"
          href="/library/fanzin"
        >
          <div
            class="MuiListItemText-root emotion-6"
          >
            <span
              class="MuiTypography-root MuiTypography-body1 MuiListItemText-primary emotion-7"
            >
              Fanzins
            </span>
          </div>
        </a>
      </li>
      <li
        class="MuiListItem-root MuiListItem-gutters MuiListItem-padding emotion-4"
      >
        <a
          class="MuiTypography-root MuiTypography-inherit MuiLink-root MuiLink-underlineAlways emotion-5"
          data-discover="true"
          href="/library/fanedition"
        >
          <div
            class="MuiListItemText-root emotion-6"
          >
            <span
              class="MuiTypography-root MuiTypography-body1 MuiListItemText-primary emotion-7"
            >
              Fan's Editions
            </span>
          </div>
        </a>
      </li>
    </ul>
  </div>
</div>
`;
