// Vitest Snapshot v1, https://vitest.dev/guide/snapshot.html

exports[`LoginForm Component > should match the snapshot 1`] = `
<DocumentFragment>
  <form
    class="MuiBox-root css-58imyd"
    role="form"
  >
    <div
      class="MuiFormControl-root MuiTextField-root css-1pwu1kx-MuiFormControl-root-MuiTextField-root"
    >
      <label
        class="MuiFormLabel-root MuiInputLabel-root MuiInputLabel-formControl MuiInputLabel-animated MuiInputLabel-filled MuiFormLabel-colorPrimary Mui-required MuiInputLabel-root MuiInputLabel-formControl MuiInputLabel-animated MuiInputLabel-filled css-1f2ywq6-MuiFormLabel-root-MuiInputLabel-root"
        data-shrink="false"
        for="«r8»"
        id="«r8»-label"
      >
        Username
        <span
          aria-hidden="true"
          class="MuiFormLabel-asterisk MuiInputLabel-asterisk css-1ljffdk-MuiFormLabel-asterisk"
        >
           *
        </span>
      </label>
      <div
        class="MuiInputBase-root MuiFilledInput-root MuiFilledInput-underline MuiInputBase-colorPrimary MuiInputBase-formControl css-26feuy-MuiInputBase-root-MuiFilledInput-root"
      >
        <input
          aria-invalid="false"
          class="MuiInputBase-input MuiFilledInput-input css-voecp4-MuiInputBase-input-MuiFilledInput-input"
          id="«r8»"
          required=""
          type="text"
        />
      </div>
    </div>
    <div
      class="MuiFormControl-root MuiTextField-root css-1pwu1kx-MuiFormControl-root-MuiTextField-root"
    >
      <label
        class="MuiFormLabel-root MuiInputLabel-root MuiInputLabel-formControl MuiInputLabel-animated MuiInputLabel-filled MuiFormLabel-colorPrimary Mui-required MuiInputLabel-root MuiInputLabel-formControl MuiInputLabel-animated MuiInputLabel-filled css-1f2ywq6-MuiFormLabel-root-MuiInputLabel-root"
        data-shrink="false"
        for="«r9»"
        id="«r9»-label"
      >
        Password
        <span
          aria-hidden="true"
          class="MuiFormLabel-asterisk MuiInputLabel-asterisk css-1ljffdk-MuiFormLabel-asterisk"
        >
           *
        </span>
      </label>
      <div
        class="MuiInputBase-root MuiFilledInput-root MuiFilledInput-underline MuiInputBase-colorPrimary MuiInputBase-formControl css-26feuy-MuiInputBase-root-MuiFilledInput-root"
      >
        <input
          aria-invalid="false"
          class="MuiInputBase-input MuiFilledInput-input css-voecp4-MuiInputBase-input-MuiFilledInput-input"
          id="«r9»"
          required=""
          type="password"
        />
      </div>
    </div>
    <button
      class="MuiButtonBase-root MuiButton-root MuiButton-contained MuiButton-containedPrimary MuiButton-sizeMedium MuiButton-containedSizeMedium MuiButton-colorPrimary MuiButton-root MuiButton-contained MuiButton-containedPrimary MuiButton-sizeMedium MuiButton-containedSizeMedium MuiButton-colorPrimary css-c7slva-MuiButtonBase-root-MuiButton-root"
      role="button"
      tabindex="0"
      type="button"
    >
      Login
    </button>
    <div
      class="MuiBox-root css-s6mpbk"
    >
      <a
        class="MuiButtonBase-root MuiButton-root MuiButton-text MuiButton-textPrimary MuiButton-sizeMedium MuiButton-textSizeMedium MuiButton-colorPrimary MuiButton-root MuiButton-text MuiButton-textPrimary MuiButton-sizeMedium MuiButton-textSizeMedium MuiButton-colorPrimary css-k0i63f-MuiButtonBase-root-MuiButton-root"
        href="/"
        role="button"
        tabindex="0"
      >
        Go back home
      </a>
    </div>
  </form>
</DocumentFragment>
`;
