// Vitest Snapshot v1, https://vitest.dev/guide/snapshot.html

exports[`TableCustomBody > renders sorted ascending by originalTitle when order="asc" and orderBy="originalTitle" (snapshot) 1`] = `
<DocumentFragment>
  .emotion-0 {
  display: table-row-group;
}

.emotion-1 {
  color: inherit;
  display: table-row;
  vertical-align: middle;
  outline: 0;
}

.emotion-1.MuiTableRow-hover:hover {
  background-color: rgba(0, 0, 0, 0.04);
}

.emotion-1.Mui-selected {
  background-color: rgba(29, 38, 59, 0.08);
}

.emotion-1.Mui-selected:hover {
  background-color: rgba(29, 38, 59, 0.12);
}

.emotion-1:nth-of-type(odd) {
  background-color: rgba(0, 0, 0, 0.04);
}

.emotion-1:last-child td,
.emotion-1:last-child th {
  border: 0px solid;
}

.emotion-2 {
  font-family: "Montserrat Variable",sans-serif;
  font-weight: 400;
  font-size: 1rem;
  line-height: 1.43;
  display: table-cell;
  vertical-align: inherit;
  border-bottom: 1px solid rgba(224, 224, 224, 1);
  text-align: left;
  padding: 16px;
  color: #1D263B;
}

.emotion-2.MuiTableCell-head {
  background-color: #1D263B;
  color: #FFFFF3;
}

.emotion-4 {
  font-family: "Montserrat Variable",sans-serif;
  font-weight: 400;
  font-size: 1rem;
  line-height: 1.43;
  display: table-cell;
  vertical-align: inherit;
  border-bottom: 1px solid rgba(224, 224, 224, 1);
  text-align: left;
  padding: 16px;
  color: #1D263B;
  text-align: right;
  -webkit-flex-direction: row-reverse;
  -ms-flex-direction: row-reverse;
  flex-direction: row-reverse;
}

.emotion-4.MuiTableCell-head {
  background-color: #1D263B;
  color: #FFFFF3;
}

<table>
    <tbody
      class="MuiTableBody-root emotion-0"
    >
      <tr
        class="MuiTableRow-root emotion-1"
      >
        <td
          class="MuiTableCell-root MuiTableCell-body MuiTableCell-sizeMedium emotion-2"
        >
          Orig1
        </td>
        <td
          class="MuiTableCell-root MuiTableCell-body MuiTableCell-sizeMedium emotion-2"
        >
          <a
            href="/book/slug-Pol1"
          >
            Pol1
          </a>
        </td>
        <td
          class="MuiTableCell-root MuiTableCell-body MuiTableCell-alignRight MuiTableCell-sizeMedium emotion-4"
        >
          Jan Kowalski
        </td>
        <td
          class="MuiTableCell-root MuiTableCell-body MuiTableCell-alignRight MuiTableCell-sizeMedium emotion-4"
        >
          Pub1
        </td>
        <td
          class="MuiTableCell-root MuiTableCell-body MuiTableCell-alignRight MuiTableCell-sizeMedium emotion-4"
        >
          2020
        </td>
        <td
          class="MuiTableCell-root MuiTableCell-body MuiTableCell-alignRight MuiTableCell-sizeMedium emotion-4"
        >
          2
        </td>
        <td
          class="MuiTableCell-root MuiTableCell-body MuiTableCell-alignRight MuiTableCell-sizeMedium emotion-4"
        >
          Twarda
        </td>
        <td
          class="MuiTableCell-root MuiTableCell-body MuiTableCell-alignRight MuiTableCell-sizeMedium emotion-4"
        >
          Series1
        </td>
        <td
          class="MuiTableCell-root MuiTableCell-body MuiTableCell-alignRight MuiTableCell-sizeMedium emotion-4"
        >
          1234567890
        </td>
      </tr>
      <tr
        class="MuiTableRow-root emotion-1"
      >
        <td
          class="MuiTableCell-root MuiTableCell-body MuiTableCell-sizeMedium emotion-2"
        >
          Orig2
        </td>
        <td
          class="MuiTableCell-root MuiTableCell-body MuiTableCell-sizeMedium emotion-2"
        >
          <a
            href="/book/slug-Pol2"
          >
            Pol2
          </a>
        </td>
        <td
          class="MuiTableCell-root MuiTableCell-body MuiTableCell-alignRight MuiTableCell-sizeMedium emotion-4"
        />
        <td
          class="MuiTableCell-root MuiTableCell-body MuiTableCell-alignRight MuiTableCell-sizeMedium emotion-4"
        >
          Pub1
        </td>
        <td
          class="MuiTableCell-root MuiTableCell-body MuiTableCell-alignRight MuiTableCell-sizeMedium emotion-4"
        >
          2018
        </td>
        <td
          class="MuiTableCell-root MuiTableCell-body MuiTableCell-alignRight MuiTableCell-sizeMedium emotion-4"
        >
          3
        </td>
        <td
          class="MuiTableCell-root MuiTableCell-body MuiTableCell-alignRight MuiTableCell-sizeMedium emotion-4"
        >
          Miękka
        </td>
        <td
          class="MuiTableCell-root MuiTableCell-body MuiTableCell-alignRight MuiTableCell-sizeMedium emotion-4"
        />
        <td
          class="MuiTableCell-root MuiTableCell-body MuiTableCell-alignRight MuiTableCell-sizeMedium emotion-4"
        >
          Incorrect number
        </td>
      </tr>
    </tbody>
  </table>
</DocumentFragment>
`;

exports[`TableCustomBody > renders sorted descending by year when order="desc" and orderBy="year" (snapshot) 1`] = `
<DocumentFragment>
  .emotion-0 {
  display: table-row-group;
}

.emotion-1 {
  color: inherit;
  display: table-row;
  vertical-align: middle;
  outline: 0;
}

.emotion-1.MuiTableRow-hover:hover {
  background-color: rgba(0, 0, 0, 0.04);
}

.emotion-1.Mui-selected {
  background-color: rgba(29, 38, 59, 0.08);
}

.emotion-1.Mui-selected:hover {
  background-color: rgba(29, 38, 59, 0.12);
}

.emotion-1:nth-of-type(odd) {
  background-color: rgba(0, 0, 0, 0.04);
}

.emotion-1:last-child td,
.emotion-1:last-child th {
  border: 0px solid;
}

.emotion-2 {
  font-family: "Montserrat Variable",sans-serif;
  font-weight: 400;
  font-size: 1rem;
  line-height: 1.43;
  display: table-cell;
  vertical-align: inherit;
  border-bottom: 1px solid rgba(224, 224, 224, 1);
  text-align: left;
  padding: 16px;
  color: #1D263B;
}

.emotion-2.MuiTableCell-head {
  background-color: #1D263B;
  color: #FFFFF3;
}

.emotion-4 {
  font-family: "Montserrat Variable",sans-serif;
  font-weight: 400;
  font-size: 1rem;
  line-height: 1.43;
  display: table-cell;
  vertical-align: inherit;
  border-bottom: 1px solid rgba(224, 224, 224, 1);
  text-align: left;
  padding: 16px;
  color: #1D263B;
  text-align: right;
  -webkit-flex-direction: row-reverse;
  -ms-flex-direction: row-reverse;
  flex-direction: row-reverse;
}

.emotion-4.MuiTableCell-head {
  background-color: #1D263B;
  color: #FFFFF3;
}

<table>
    <tbody
      class="MuiTableBody-root emotion-0"
    >
      <tr
        class="MuiTableRow-root emotion-1"
      >
        <td
          class="MuiTableCell-root MuiTableCell-body MuiTableCell-sizeMedium emotion-2"
        >
          Orig1
        </td>
        <td
          class="MuiTableCell-root MuiTableCell-body MuiTableCell-sizeMedium emotion-2"
        >
          <a
            href="/book/slug-Pol1"
          >
            Pol1
          </a>
        </td>
        <td
          class="MuiTableCell-root MuiTableCell-body MuiTableCell-alignRight MuiTableCell-sizeMedium emotion-4"
        >
          Jan Kowalski
        </td>
        <td
          class="MuiTableCell-root MuiTableCell-body MuiTableCell-alignRight MuiTableCell-sizeMedium emotion-4"
        >
          Pub1
        </td>
        <td
          class="MuiTableCell-root MuiTableCell-body MuiTableCell-alignRight MuiTableCell-sizeMedium emotion-4"
        >
          2020
        </td>
        <td
          class="MuiTableCell-root MuiTableCell-body MuiTableCell-alignRight MuiTableCell-sizeMedium emotion-4"
        >
          2
        </td>
        <td
          class="MuiTableCell-root MuiTableCell-body MuiTableCell-alignRight MuiTableCell-sizeMedium emotion-4"
        >
          Twarda
        </td>
        <td
          class="MuiTableCell-root MuiTableCell-body MuiTableCell-alignRight MuiTableCell-sizeMedium emotion-4"
        >
          Series1
        </td>
        <td
          class="MuiTableCell-root MuiTableCell-body MuiTableCell-alignRight MuiTableCell-sizeMedium emotion-4"
        >
          1234567890
        </td>
      </tr>
      <tr
        class="MuiTableRow-root emotion-1"
      >
        <td
          class="MuiTableCell-root MuiTableCell-body MuiTableCell-sizeMedium emotion-2"
        >
          Orig2
        </td>
        <td
          class="MuiTableCell-root MuiTableCell-body MuiTableCell-sizeMedium emotion-2"
        >
          <a
            href="/book/slug-Pol2"
          >
            Pol2
          </a>
        </td>
        <td
          class="MuiTableCell-root MuiTableCell-body MuiTableCell-alignRight MuiTableCell-sizeMedium emotion-4"
        />
        <td
          class="MuiTableCell-root MuiTableCell-body MuiTableCell-alignRight MuiTableCell-sizeMedium emotion-4"
        >
          Pub1
        </td>
        <td
          class="MuiTableCell-root MuiTableCell-body MuiTableCell-alignRight MuiTableCell-sizeMedium emotion-4"
        >
          2018
        </td>
        <td
          class="MuiTableCell-root MuiTableCell-body MuiTableCell-alignRight MuiTableCell-sizeMedium emotion-4"
        >
          3
        </td>
        <td
          class="MuiTableCell-root MuiTableCell-body MuiTableCell-alignRight MuiTableCell-sizeMedium emotion-4"
        >
          Miękka
        </td>
        <td
          class="MuiTableCell-root MuiTableCell-body MuiTableCell-alignRight MuiTableCell-sizeMedium emotion-4"
        />
        <td
          class="MuiTableCell-root MuiTableCell-body MuiTableCell-alignRight MuiTableCell-sizeMedium emotion-4"
        >
          Incorrect number
        </td>
      </tr>
    </tbody>
  </table>
</DocumentFragment>
`;
